<?xml version="1.0" encoding="utf-8"?>
<TestRun id="151a4c4c-3f31-429e-a263-2a8dbf9471d4" name="bakuc@DESKTOP-DV6MF3O 2026-06-22 22:04:13" runUser="DESKTOP-DV6MF3O\bakuc" xmlns="http://microsoft.com/schemas/VisualStudio/TeamTest/2010">
  <Times creation="2026-06-22T22:04:13.9051491+02:00" queuing="2026-06-22T22:04:13.9051494+02:00" start="2026-06-22T22:04:09.7748032+02:00" finish="2026-06-22T22:04:16.1036436+02:00" />
  <TestSettings name="default" id="a7ab6204-020e-4b58-ad41-3db91d6c3501">
    <Deployment runDeploymentRoot="bakuc_DESKTOP-DV6MF3O_2026-06-22_22_04_13" />
  </TestSettings>
  <Results>
    <UnitTestResult executionId="7547477f-8ce2-471d-9dcd-de184302aace" testId="5e4a6cb0-658b-cb66-7471-a6cd3dae01ca" testName="GradingServiceTests.RunAsync_BrakMetody" computerName="DESKTOP-DV6MF3O" duration="00:00:00.0280000" startTime="2026-06-22T22:04:15.5678174+02:00" endTime="2026-06-22T22:04:15.5678174+02:00" testType="13cdc9d9-ddb5-4fa4-a97d-d965ccfc6d4b" outcome="Passed" testListId="8c84fa94-04c1-424b-9868-57a2d4851a1d" relativeResultsDirectory="7547477f-8ce2-471d-9dcd-de184302aace" />
    <UnitTestResult executionId="97699e91-5bd6-43c2-959d-5ed6c32a9159" testId="be285b2e-aba9-b732-2cf8-f04930a1c47a" testName="AnswerKeyLoaderTests.Load_ZlaSciezka_RzucaFileNotFound" computerName="DESKTOP-DV6MF3O" duration="00:00:00.0010000" startTime="2026-06-22T22:04:15.2117580+02:00" endTime="2026-06-22T22:04:15.2117580+02:00" testType="13cdc9d9-ddb5-4fa4-a97d-d965ccfc6d4b" outcome="Passed" testListId="8c84fa94-04c1-424b-9868-57a2d4851a1d" relativeResultsDirectory="97699e91-5bd6-43c2-959d-5ed6c32a9159" />
    <UnitTestResult executionId="7555c46f-0c57-4f15-928d-cebd3b065fee" testId="2a31128f-7ad8-d81b-2b81-5bd81d5beda3" testName="AnswerKeyLoaderTests.Load_PustyPlik_RzucaInvalidData" computerName="DESKTOP-DV6MF3O" duration="00:00:00.0170000" startTime="2026-06-22T22:04:15.2277593+02:00" endTime="2026-06-22T22:04:15.2277593+02:00" testType="13cdc9d9-ddb5-4fa4-a97d-d965ccfc6d4b" outcome="Passed" testListId="8c84fa94-04c1-424b-9868-57a2d4851a1d" relativeResultsDirectory="7555c46f-0c57-4f15-928d-cebd3b065fee" />
    <UnitTestResult executionId="eb3001a4-6cdc-49e0-ad05-7207ec3b36ab" testId="902a117c-58b9-7ef2-ae90-ad603455e3b1" testName="SolutionEngineTests.ParseArgs_TablicaISkalar" computerName="DESKTOP-DV6MF3O" duration="00:00:00.0280000" startTime="2026-06-22T22:04:15.8528298+02:00" endTime="2026-06-22T22:04:15.8528298+02:00" testType="13cdc9d9-ddb5-4fa4-a97d-d965ccfc6d4b" outcome="Passed" testListId="8c84fa94-04c1-424b-9868-57a2d4851a1d" relativeResultsDirectory="eb3001a4-6cdc-49e0-ad05-7207ec3b36ab" />
    <UnitTestResult executionId="52d8fbe2-9485-41dc-8a58-c76103609ced" testId="d7c3abd7-3e03-9dd1-653c-0dc1f0fcd0f7" testName="SolutionEngineTests.Compile_Linq_Dziala" computerName="DESKTOP-DV6MF3O" duration="00:00:00.1450000" startTime="2026-06-22T22:04:15.8248310+02:00" endTime="2026-06-22T22:04:15.8248310+02:00" testType="13cdc9d9-ddb5-4fa4-a97d-d965ccfc6d4b" outcome="Passed" testListId="8c84fa94-04c1-424b-9868-57a2d4851a1d" relativeResultsDirectory="52d8fbe2-9485-41dc-8a58-c76103609ced" />
    <UnitTestResult executionId="f7b14703-51b9-4a36-9f85-cec5fed2869f" testId="bab60611-a1eb-0462-f010-27480103ddb8" testName="CsFileRulesTests.Duplikat_Odrzucony" computerName="DESKTOP-DV6MF3O" duration="00:00:00.3940000" startTime="2026-06-22T22:04:12.7764230+02:00" endTime="2026-06-22T22:04:12.7764230+02:00" testType="13cdc9d9-ddb5-4fa4-a97d-d965ccfc6d4b" outcome="Passed" testListId="8c84fa94-04c1-424b-9868-57a2d4851a1d" relativeResultsDirectory="f7b14703-51b9-4a36-9f85-cec5fed2869f" />
    <UnitTestResult executionId="c7ac8afc-efe0-4ce0-988e-8fe7cc1103d6" testId="6f3ccd50-eb73-12ac-52d2-d4c231c7af7e" testName="SolutionEngineTests.FindMethod_NormalizujeNazwe" computerName="DESKTOP-DV6MF3O" duration="00:00:00.0270000" startTime="2026-06-22T22:04:15.6778317+02:00" endTime="2026-06-22T22:04:15.6778317+02:00" testType="13cdc9d9-ddb5-4fa4-a97d-d965ccfc6d4b" outcome="Passed" testListId="8c84fa94-04c1-424b-9868-57a2d4851a1d" relativeResultsDirectory="c7ac8afc-efe0-4ce0-988e-8fe7cc1103d6" />
    <UnitTestResult executionId="b457b245-f04e-4828-b035-7a59ede3b368" testId="8019fce1-4b2e-5f6e-4428-db0a12b72ab9" testName="AnswerKeyLoaderTests.Load_DwaWiersze_WczytujeOba" computerName="DESKTOP-DV6MF3O" duration="00:00:00.0230000" startTime="2026-06-22T22:04:15.2517575+02:00" endTime="2026-06-22T22:04:15.2517575+02:00" testType="13cdc9d9-ddb5-4fa4-a97d-d965ccfc6d4b" outcome="Passed" testListId="8c84fa94-04c1-424b-9868-57a2d4851a1d" relativeResultsDirectory="b457b245-f04e-4828-b035-7a59ede3b368" />
    <UnitTestResult executionId="4942dcee-81e6-49b3-8a68-be1f77c9c4ef" testId="46988673-fbe6-be33-ca74-ec3f925397a7" testName="SolutionEngineTests.ParseArgs_Skalary" computerName="DESKTOP-DV6MF3O" duration="00:00:00.0680000" startTime="2026-06-22T22:04:15.2217562+02:00" endTime="2026-06-22T22:04:15.2217562+02:00" testType="13cdc9d9-ddb5-4fa4-a97d-d965ccfc6d4b" outcome="Passed" testListId="8c84fa94-04c1-424b-9868-57a2d4851a1d" relativeResultsDirectory="4942dcee-81e6-49b3-8a68-be1f77c9c4ef" />
    <UnitTestResult executionId="196425af-aa60-4fc7-84e0-bbf558a59c4d" testId="eef41b29-8d17-bb62-e16a-2af848fed3e1" testName="GradingServiceTests.RunAsync_PoprawneRozwiazanie_StatusOk" computerName="DESKTOP-DV6MF3O" duration="00:00:00.0710000" startTime="2026-06-22T22:04:15.6388188+02:00" endTime="2026-06-22T22:04:15.6388188+02:00" testType="13cdc9d9-ddb5-4fa4-a97d-d965ccfc6d4b" outcome="Passed" testListId="8c84fa94-04c1-424b-9868-57a2d4851a1d" relativeResultsDirectory="196425af-aa60-4fc7-84e0-bbf558a59c4d" />
    <UnitTestResult executionId="6c6221c1-ebd4-48a3-8fd0-9c6626f805eb" testId="42d7cfd5-23b4-2ef6-404d-ea8d3ed37d0e" testName="IO_2026_SGGW.Tests.UnitTest1.Test1" computerName="DESKTOP-DV6MF3O" duration="00:00:00.0080000" startTime="2026-06-22T22:04:12.3994375+02:00" endTime="2026-06-22T22:04:12.3994375+02:00" testType="13cdc9d9-ddb5-4fa4-a97d-d965ccfc6d4b" outcome="Passed" testListId="8c84fa94-04c1-424b-9868-57a2d4851a1d" relativeResultsDirectory="6c6221c1-ebd4-48a3-8fd0-9c6626f805eb" />
    <UnitTestResult executionId="61fd9e1d-73cc-402d-8ad6-eb0b337f30bf" testId="f3d20c6c-200c-bd9d-8d63-896973f31dea" testName="CsFileRulesTests.PlikCs_Akceptowany" computerName="DESKTOP-DV6MF3O" duration="00:00:00.0020000" startTime="2026-06-22T22:04:12.7784197+02:00" endTime="2026-06-22T22:04:12.7784197+02:00" testType="13cdc9d9-ddb5-4fa4-a97d-d965ccfc6d4b" outcome="Passed" testListId="8c84fa94-04c1-424b-9868-57a2d4851a1d" relativeResultsDirectory="61fd9e1d-73cc-402d-8ad6-eb0b337f30bf" />
    <UnitTestResult executionId="d2dfc430-c20c-4a3b-a818-9a2d6195a427" testId="6c286822-f09b-78e3-a2e4-7130128057ee" testName="SolutionEngineTests.Invoke_RzucaWyjatek_StatusWyjatek" computerName="DESKTOP-DV6MF3O" duration="00:00:00.1420000" startTime="2026-06-22T22:04:15.3933557+02:00" endTime="2026-06-22T22:04:15.3933557+02:00" testType="13cdc9d9-ddb5-4fa4-a97d-d965ccfc6d4b" outcome="Passed" testListId="8c84fa94-04c1-424b-9868-57a2d4851a1d" relativeResultsDirectory="d2dfc430-c20c-4a3b-a818-9a2d6195a427" />
    <UnitTestResult executionId="71410e04-3b16-4dc2-afee-3c007153c3ef" testId="c9fa07c4-1ca8-3af9-b3e8-bb1c9c6e8ebc" testName="SolutionEngineTests.IsCorrect_DoubleTolerancja" computerName="DESKTOP-DV6MF3O" duration="00:00:00.0010000" startTime="2026-06-22T22:04:15.8679880+02:00" endTime="2026-06-22T22:04:15.8679880+02:00" testType="13cdc9d9-ddb5-4fa4-a97d-d965ccfc6d4b" outcome="Passed" testListId="8c84fa94-04c1-424b-9868-57a2d4851a1d" relativeResultsDirectory="71410e04-3b16-4dc2-afee-3c007153c3ef" />
    <UnitTestResult executionId="1a6c2b23-5e01-46a6-b6e5-0a3faf0ca9c6" testId="935357d4-2472-0f3c-3a59-b8cd6a04dd1d" testName="GradingServiceTests.RunAsync_BladKompilacji_WszystkieWiersze" computerName="DESKTOP-DV6MF3O" duration="00:00:00.0490000" startTime="2026-06-22T22:04:15.5397948+02:00" endTime="2026-06-22T22:04:15.5397948+02:00" testType="13cdc9d9-ddb5-4fa4-a97d-d965ccfc6d4b" outcome="Passed" testListId="8c84fa94-04c1-424b-9868-57a2d4851a1d" relativeResultsDirectory="1a6c2b23-5e01-46a6-b6e5-0a3faf0ca9c6" />
    <UnitTestResult executionId="67faddc7-b44d-46ee-9649-d2ded98c05f3" testId="c5ac9d66-2bd5-afc7-165e-9a6d89156c6e" testName="SolutionEngineTests.Compile_PoprawnyKod_Sukces" computerName="DESKTOP-DV6MF3O" duration="00:00:00.0310000" startTime="2026-06-22T22:04:15.8979891+02:00" endTime="2026-06-22T22:04:15.8979891+02:00" testType="13cdc9d9-ddb5-4fa4-a97d-d965ccfc6d4b" outcome="Passed" testListId="8c84fa94-04c1-424b-9868-57a2d4851a1d" relativeResultsDirectory="67faddc7-b44d-46ee-9649-d2ded98c05f3" />
    <UnitTestResult executionId="3a424177-25eb-4051-bbe4-6f7bd78686db" testId="d76b7acd-0c73-8d7b-4706-099c90383872" testName="SolutionEngineTests.FindMethod_BrakMetody_Null" computerName="DESKTOP-DV6MF3O" duration="00:00:00.0290000" startTime="2026-06-22T22:04:15.2507563+02:00" endTime="2026-06-22T22:04:15.2507563+02:00" testType="13cdc9d9-ddb5-4fa4-a97d-d965ccfc6d4b" outcome="Passed" testListId="8c84fa94-04c1-424b-9868-57a2d4851a1d" relativeResultsDirectory="3a424177-25eb-4051-bbe4-6f7bd78686db" />
    <UnitTestResult executionId="e8a22a25-03df-44a2-9a95-094ecd3097f9" testId="db305d90-0038-46eb-a8d9-eb851e020e80" testName="GradingServiceTests.RunAsync_Progres_DochodziDo100" computerName="DESKTOP-DV6MF3O" duration="00:00:00.0290000" startTime="2026-06-22T22:04:15.4907983+02:00" endTime="2026-06-22T22:04:15.4907983+02:00" testType="13cdc9d9-ddb5-4fa4-a97d-d965ccfc6d4b" outcome="Passed" testListId="8c84fa94-04c1-424b-9868-57a2d4851a1d" relativeResultsDirectory="e8a22a25-03df-44a2-9a95-094ecd3097f9" />
    <UnitTestResult executionId="fd59c35b-e799-419b-8c06-3bb18b8791ab" testId="98caae1c-3bb0-1212-3c15-1b41df98ec33" testName="AnswerKeyLoaderTests.Load_KomorkaData_FormatISO" computerName="DESKTOP-DV6MF3O" duration="00:00:00.0450000" startTime="2026-06-22T22:04:15.2967942+02:00" endTime="2026-06-22T22:04:15.2967942+02:00" testType="13cdc9d9-ddb5-4fa4-a97d-d965ccfc6d4b" outcome="Failed" testListId="8c84fa94-04c1-424b-9868-57a2d4851a1d" relativeResultsDirectory="fd59c35b-e799-419b-8c06-3bb18b8791ab">
      <Output>
        <ErrorInfo>
          <Message>Assert.Equal() Failure: Strings differ&#xD;
           ↓ (pos 0)&#xD;
Expected: "2026-04-01"&#xD;
Actual:   "4/1/2026 12:00:00 AM"&#xD;
           ↑ (pos 0)</Message>
          <StackTrace>   at AnswerKeyLoaderTests.Load_KomorkaData_FormatISO() in C:\Users\bakuc\Desktop\IO-2026-SGGW\IO_2026_SGGW.Tests\AnswerKeyLoaderTests.cs:line 87</StackTrace>
        </ErrorInfo>
      </Output>
    </UnitTestResult>
    <UnitTestResult executionId="b4a94149-72e6-4e2e-89e1-1836d148ef9e" testId="28c3536b-11a6-48e3-e142-89029ced6898" testName="SolutionEngineTests.Invoke_NieskonczonaPetla_Timeout" computerName="DESKTOP-DV6MF3O" duration="00:00:00.2580000" startTime="2026-06-22T22:04:15.6508171+02:00" endTime="2026-06-22T22:04:15.6508171+02:00" testType="13cdc9d9-ddb5-4fa4-a97d-d965ccfc6d4b" outcome="Passed" testListId="8c84fa94-04c1-424b-9868-57a2d4851a1d" relativeResultsDirectory="b4a94149-72e6-4e2e-89e1-1836d148ef9e" />
    <UnitTestResult executionId="19f4adb2-9d01-4d24-9d49-0fae511f1da6" testId="e14f2821-b19e-9fcd-a144-4fb3b1ce4cbe" testName="AnswerKeyLoaderTests.Load_Liczba314_CzytanaZKropka_PodKulturaPL" computerName="DESKTOP-DV6MF3O" duration="00:00:02.8270000" startTime="2026-06-22T22:04:15.2097562+02:00" endTime="2026-06-22T22:04:15.2097562+02:00" testType="13cdc9d9-ddb5-4fa4-a97d-d965ccfc6d4b" outcome="Failed" testListId="8c84fa94-04c1-424b-9868-57a2d4851a1d" relativeResultsDirectory="19f4adb2-9d01-4d24-9d49-0fae511f1da6">
      <Output>
        <ErrorInfo>
          <Message>Assert.Equal() Failure: Strings differ&#xD;
            ↓ (pos 1)&#xD;
Expected: "3.14"&#xD;
Actual:   "3,14"&#xD;
            ↑ (pos 1)</Message>
          <StackTrace>   at AnswerKeyLoaderTests.Load_Liczba314_CzytanaZKropka_PodKulturaPL() in C:\Users\bakuc\Desktop\IO-2026-SGGW\IO_2026_SGGW.Tests\AnswerKeyLoaderTests.cs:line 71</StackTrace>
        </ErrorInfo>
      </Output>
    </UnitTestResult>
    <UnitTestResult executionId="dc3edcf2-5989-491f-a4b9-0c063716a185" testId="6328012a-1c1d-ca73-0a6d-44feab2d2529" testName="SolutionEngineTests.IsCorrect_Tablica" computerName="DESKTOP-DV6MF3O" duration="00:00:00.0010000" startTime="2026-06-22T22:04:15.8258299+02:00" endTime="2026-06-22T22:04:15.8258299+02:00" testType="13cdc9d9-ddb5-4fa4-a97d-d965ccfc6d4b" outcome="Passed" testListId="8c84fa94-04c1-424b-9868-57a2d4851a1d" relativeResultsDirectory="dc3edcf2-5989-491f-a4b9-0c063716a185" />
    <UnitTestResult executionId="c02485c2-2492-4595-8ee3-2a872e3e39e0" testId="f06344db-965d-07e7-656d-925284693148" testName="SolutionEngineTests.Compile_BlednaSkladnia_Porazka" computerName="DESKTOP-DV6MF3O" duration="00:00:00.0130000" startTime="2026-06-22T22:04:15.8669860+02:00" endTime="2026-06-22T22:04:15.8669860+02:00" testType="13cdc9d9-ddb5-4fa4-a97d-d965ccfc6d4b" outcome="Passed" testListId="8c84fa94-04c1-424b-9868-57a2d4851a1d" relativeResultsDirectory="c02485c2-2492-4595-8ee3-2a872e3e39e0" />
    <UnitTestResult executionId="bb25c5d4-e692-40c4-9291-443bf6e156b6" testId="845fb654-4185-179e-d959-97e8d2a57b5f" testName="CsFileRulesTests.FolderZ_cs_wNazwie_Odrzucony" computerName="DESKTOP-DV6MF3O" duration="00:00:00.0010000" startTime="2026-06-22T22:04:12.7814205+02:00" endTime="2026-06-22T22:04:12.7814205+02:00" testType="13cdc9d9-ddb5-4fa4-a97d-d965ccfc6d4b" outcome="Passed" testListId="8c84fa94-04c1-424b-9868-57a2d4851a1d" relativeResultsDirectory="bb25c5d4-e692-40c4-9291-443bf6e156b6" />
    <UnitTestResult executionId="37c7780b-4a68-4ddb-a8e9-d9c92bca3494" testId="b8689911-6dab-7961-47e2-eae27aa50a0b" testName="CsFileRulesTests.PlikTxt_Odrzucony" computerName="DESKTOP-DV6MF3O" duration="00:00:00.0010000" startTime="2026-06-22T22:04:12.7804203+02:00" endTime="2026-06-22T22:04:12.7804203+02:00" testType="13cdc9d9-ddb5-4fa4-a97d-d965ccfc6d4b" outcome="Passed" testListId="8c84fa94-04c1-424b-9868-57a2d4851a1d" relativeResultsDirectory="37c7780b-4a68-4ddb-a8e9-d9c92bca3494" />
    <UnitTestResult executionId="5085249f-ccb4-4b85-81fd-3c86844bd40c" testId="6fa20571-ae12-4c84-6e5e-3bc3a5c0c622" testName="SolutionEngineTests.IsCorrect_BoolJako1" computerName="DESKTOP-DV6MF3O" duration="00:00:00.0010000" startTime="2026-06-22T22:04:15.6798340+02:00" endTime="2026-06-22T22:04:15.6798340+02:00" testType="13cdc9d9-ddb5-4fa4-a97d-d965ccfc6d4b" outcome="Failed" testListId="8c84fa94-04c1-424b-9868-57a2d4851a1d" relativeResultsDirectory="5085249f-ccb4-4b85-81fd-3c86844bd40c">
      <Output>
        <ErrorInfo>
          <Message>Assert.True() Failure&#xD;
Expected: True&#xD;
Actual:   False</Message>
          <StackTrace>   at SolutionEngineTests.IsCorrect_BoolJako1() in C:\Users\bakuc\Desktop\IO-2026-SGGW\IO_2026_SGGW.Tests\SolutionEngineTests.cs:line 101</StackTrace>
        </ErrorInfo>
      </Output>
    </UnitTestResult>
    <UnitTestResult executionId="0e044d2b-79c9-4668-a52b-828b84cda95d" testId="259b9c14-ba53-e1d3-07b6-f393fad21129" testName="GradingServiceTests.RunAsync_PetlaNieskonczona_NieBlokujePozostalych" computerName="DESKTOP-DV6MF3O" duration="00:00:03.0790000" startTime="2026-06-22T22:04:15.4607943+02:00" endTime="2026-06-22T22:04:15.4607943+02:00" testType="13cdc9d9-ddb5-4fa4-a97d-d965ccfc6d4b" outcome="Passed" testListId="8c84fa94-04c1-424b-9868-57a2d4851a1d" relativeResultsDirectory="0e044d2b-79c9-4668-a52b-828b84cda95d" />
    <UnitTestResult executionId="6e4f80e2-3a8e-41b8-b427-7902788bbefb" testId="e9c03e5c-6bbe-93e7-a0a9-b3aa0177cae6" testName="SolutionEngineTests.Compile_GrozneApi_Odrzucone" computerName="DESKTOP-DV6MF3O" duration="00:00:02.7210000" startTime="2026-06-22T22:04:15.1647558+02:00" endTime="2026-06-22T22:04:15.1647558+02:00" testType="13cdc9d9-ddb5-4fa4-a97d-d965ccfc6d4b" outcome="Failed" testListId="8c84fa94-04c1-424b-9868-57a2d4851a1d" relativeResultsDirectory="6e4f80e2-3a8e-41b8-b427-7902788bbefb">
      <Output>
        <ErrorInfo>
          <Message>Assert.False() Failure&#xD;
Expected: False&#xD;
Actual:   True</Message>
          <StackTrace>   at SolutionEngineTests.Compile_GrozneApi_Odrzucone() in C:\Users\bakuc\Desktop\IO-2026-SGGW\IO_2026_SGGW.Tests\SolutionEngineTests.cs:line 46</StackTrace>
        </ErrorInfo>
      </Output>
    </UnitTestResult>
  </Results>
  <TestDefinitions>
    <UnitTest name="AnswerKeyLoaderTests.Load_ZlaSciezka_RzucaFileNotFound" storage="c:\users\bakuc\desktop\io-2026-sggw\io_2026_sggw.tests\bin\debug\net472\io_2026_sggw.tests.dll" id="be285b2e-aba9-b732-2cf8-f04930a1c47a">
      <Execution id="97699e91-5bd6-43c2-959d-5ed6c32a9159" />
      <TestMethod codeBase="C:\Users\bakuc\Desktop\IO-2026-SGGW\IO_2026_SGGW.Tests\bin\Debug\net472\IO_2026_SGGW.Tests.dll" adapterTypeName="executor://xunit/VsTestRunner2/net" className="AnswerKeyLoaderTests" name="Load_ZlaSciezka_RzucaFileNotFound" />
    </UnitTest>
    <UnitTest name="GradingServiceTests.RunAsync_BladKompilacji_WszystkieWiersze" storage="c:\users\bakuc\desktop\io-2026-sggw\io_2026_sggw.tests\bin\debug\net472\io_2026_sggw.tests.dll" id="935357d4-2472-0f3c-3a59-b8cd6a04dd1d">
      <Execution id="1a6c2b23-5e01-46a6-b6e5-0a3faf0ca9c6" />
      <TestMethod codeBase="C:\Users\bakuc\Desktop\IO-2026-SGGW\IO_2026_SGGW.Tests\bin\Debug\net472\IO_2026_SGGW.Tests.dll" adapterTypeName="executor://xunit/VsTestRunner2/net" className="GradingServiceTests" name="RunAsync_BladKompilacji_WszystkieWiersze" />
    </UnitTest>
    <UnitTest name="AnswerKeyLoaderTests.Load_Liczba314_CzytanaZKropka_PodKulturaPL" storage="c:\users\bakuc\desktop\io-2026-sggw\io_2026_sggw.tests\bin\debug\net472\io_2026_sggw.tests.dll" id="e14f2821-b19e-9fcd-a144-4fb3b1ce4cbe">
      <Execution id="19f4adb2-9d01-4d24-9d49-0fae511f1da6" />
      <TestMethod codeBase="C:\Users\bakuc\Desktop\IO-2026-SGGW\IO_2026_SGGW.Tests\bin\Debug\net472\IO_2026_SGGW.Tests.dll" adapterTypeName="executor://xunit/VsTestRunner2/net" className="AnswerKeyLoaderTests" name="Load_Liczba314_CzytanaZKropka_PodKulturaPL" />
    </UnitTest>
    <UnitTest name="SolutionEngineTests.Compile_Linq_Dziala" storage="c:\users\bakuc\desktop\io-2026-sggw\io_2026_sggw.tests\bin\debug\net472\io_2026_sggw.tests.dll" id="d7c3abd7-3e03-9dd1-653c-0dc1f0fcd0f7">
      <Execution id="52d8fbe2-9485-41dc-8a58-c76103609ced" />
      <TestMethod codeBase="C:\Users\bakuc\Desktop\IO-2026-SGGW\IO_2026_SGGW.Tests\bin\Debug\net472\IO_2026_SGGW.Tests.dll" adapterTypeName="executor://xunit/VsTestRunner2/net" className="SolutionEngineTests" name="Compile_Linq_Dziala" />
    </UnitTest>
    <UnitTest name="SolutionEngineTests.FindMethod_BrakMetody_Null" storage="c:\users\bakuc\desktop\io-2026-sggw\io_2026_sggw.tests\bin\debug\net472\io_2026_sggw.tests.dll" id="d76b7acd-0c73-8d7b-4706-099c90383872">
      <Execution id="3a424177-25eb-4051-bbe4-6f7bd78686db" />
      <TestMethod codeBase="C:\Users\bakuc\Desktop\IO-2026-SGGW\IO_2026_SGGW.Tests\bin\Debug\net472\IO_2026_SGGW.Tests.dll" adapterTypeName="executor://xunit/VsTestRunner2/net" className="SolutionEngineTests" name="FindMethod_BrakMetody_Null" />
    </UnitTest>
    <UnitTest name="SolutionEngineTests.Invoke_RzucaWyjatek_StatusWyjatek" storage="c:\users\bakuc\desktop\io-2026-sggw\io_2026_sggw.tests\bin\debug\net472\io_2026_sggw.tests.dll" id="6c286822-f09b-78e3-a2e4-7130128057ee">
      <Execution id="d2dfc430-c20c-4a3b-a818-9a2d6195a427" />
      <TestMethod codeBase="C:\Users\bakuc\Desktop\IO-2026-SGGW\IO_2026_SGGW.Tests\bin\Debug\net472\IO_2026_SGGW.Tests.dll" adapterTypeName="executor://xunit/VsTestRunner2/net" className="SolutionEngineTests" name="Invoke_RzucaWyjatek_StatusWyjatek" />
    </UnitTest>
    <UnitTest name="SolutionEngineTests.ParseArgs_Skalary" storage="c:\users\bakuc\desktop\io-2026-sggw\io_2026_sggw.tests\bin\debug\net472\io_2026_sggw.tests.dll" id="46988673-fbe6-be33-ca74-ec3f925397a7">
      <Execution id="4942dcee-81e6-49b3-8a68-be1f77c9c4ef" />
      <TestMethod codeBase="C:\Users\bakuc\Desktop\IO-2026-SGGW\IO_2026_SGGW.Tests\bin\Debug\net472\IO_2026_SGGW.Tests.dll" adapterTypeName="executor://xunit/VsTestRunner2/net" className="SolutionEngineTests" name="ParseArgs_Skalary" />
    </UnitTest>
    <UnitTest name="SolutionEngineTests.Invoke_NieskonczonaPetla_Timeout" storage="c:\users\bakuc\desktop\io-2026-sggw\io_2026_sggw.tests\bin\debug\net472\io_2026_sggw.tests.dll" id="28c3536b-11a6-48e3-e142-89029ced6898">
      <Execution id="b4a94149-72e6-4e2e-89e1-1836d148ef9e" />
      <TestMethod codeBase="C:\Users\bakuc\Desktop\IO-2026-SGGW\IO_2026_SGGW.Tests\bin\Debug\net472\IO_2026_SGGW.Tests.dll" adapterTypeName="executor://xunit/VsTestRunner2/net" className="SolutionEngineTests" name="Invoke_NieskonczonaPetla_Timeout" />
    </UnitTest>
    <UnitTest name="AnswerKeyLoaderTests.Load_PustyPlik_RzucaInvalidData" storage="c:\users\bakuc\desktop\io-2026-sggw\io_2026_sggw.tests\bin\debug\net472\io_2026_sggw.tests.dll" id="2a31128f-7ad8-d81b-2b81-5bd81d5beda3">
      <Execution id="7555c46f-0c57-4f15-928d-cebd3b065fee" />
      <TestMethod codeBase="C:\Users\bakuc\Desktop\IO-2026-SGGW\IO_2026_SGGW.Tests\bin\Debug\net472\IO_2026_SGGW.Tests.dll" adapterTypeName="executor://xunit/VsTestRunner2/net" className="AnswerKeyLoaderTests" name="Load_PustyPlik_RzucaInvalidData" />
    </UnitTest>
    <UnitTest name="GradingServiceTests.RunAsync_BrakMetody" storage="c:\users\bakuc\desktop\io-2026-sggw\io_2026_sggw.tests\bin\debug\net472\io_2026_sggw.tests.dll" id="5e4a6cb0-658b-cb66-7471-a6cd3dae01ca">
      <Execution id="7547477f-8ce2-471d-9dcd-de184302aace" />
      <TestMethod codeBase="C:\Users\bakuc\Desktop\IO-2026-SGGW\IO_2026_SGGW.Tests\bin\Debug\net472\IO_2026_SGGW.Tests.dll" adapterTypeName="executor://xunit/VsTestRunner2/net" className="GradingServiceTests" name="RunAsync_BrakMetody" />
    </UnitTest>
    <UnitTest name="SolutionEngineTests.Compile_BlednaSkladnia_Porazka" storage="c:\users\bakuc\desktop\io-2026-sggw\io_2026_sggw.tests\bin\debug\net472\io_2026_sggw.tests.dll" id="f06344db-965d-07e7-656d-925284693148">
      <Execution id="c02485c2-2492-4595-8ee3-2a872e3e39e0" />
      <TestMethod codeBase="C:\Users\bakuc\Desktop\IO-2026-SGGW\IO_2026_SGGW.Tests\bin\Debug\net472\IO_2026_SGGW.Tests.dll" adapterTypeName="executor://xunit/VsTestRunner2/net" className="SolutionEngineTests" name="Compile_BlednaSkladnia_Porazka" />
    </UnitTest>
    <UnitTest name="SolutionEngineTests.Compile_PoprawnyKod_Sukces" storage="c:\users\bakuc\desktop\io-2026-sggw\io_2026_sggw.tests\bin\debug\net472\io_2026_sggw.tests.dll" id="c5ac9d66-2bd5-afc7-165e-9a6d89156c6e">
      <Execution id="67faddc7-b44d-46ee-9649-d2ded98c05f3" />
      <TestMethod codeBase="C:\Users\bakuc\Desktop\IO-2026-SGGW\IO_2026_SGGW.Tests\bin\Debug\net472\IO_2026_SGGW.Tests.dll" adapterTypeName="executor://xunit/VsTestRunner2/net" className="SolutionEngineTests" name="Compile_PoprawnyKod_Sukces" />
    </UnitTest>
    <UnitTest name="IO_2026_SGGW.Tests.UnitTest1.Test1" storage="c:\users\bakuc\desktop\io-2026-sggw\io_2026_sggw.tests\bin\debug\net472\io_2026_sggw.tests.dll" id="42d7cfd5-23b4-2ef6-404d-ea8d3ed37d0e">
      <Execution id="6c6221c1-ebd4-48a3-8fd0-9c6626f805eb" />
      <TestMethod codeBase="C:\Users\bakuc\Desktop\IO-2026-SGGW\IO_2026_SGGW.Tests\bin\Debug\net472\IO_2026_SGGW.Tests.dll" adapterTypeName="executor://xunit/VsTestRunner2/net" className="IO_2026_SGGW.Tests.UnitTest1" name="Test1" />
    </UnitTest>
    <UnitTest name="SolutionEngineTests.IsCorrect_DoubleTolerancja" storage="c:\users\bakuc\desktop\io-2026-sggw\io_2026_sggw.tests\bin\debug\net472\io_2026_sggw.tests.dll" id="c9fa07c4-1ca8-3af9-b3e8-bb1c9c6e8ebc">
      <Execution id="71410e04-3b16-4dc2-afee-3c007153c3ef" />
      <TestMethod codeBase="C:\Users\bakuc\Desktop\IO-2026-SGGW\IO_2026_SGGW.Tests\bin\Debug\net472\IO_2026_SGGW.Tests.dll" adapterTypeName="executor://xunit/VsTestRunner2/net" className="SolutionEngineTests" name="IsCorrect_DoubleTolerancja" />
    </UnitTest>
    <UnitTest name="CsFileRulesTests.PlikCs_Akceptowany" storage="c:\users\bakuc\desktop\io-2026-sggw\io_2026_sggw.tests\bin\debug\net472\io_2026_sggw.tests.dll" id="f3d20c6c-200c-bd9d-8d63-896973f31dea">
      <Execution id="61fd9e1d-73cc-402d-8ad6-eb0b337f30bf" />
      <TestMethod codeBase="C:\Users\bakuc\Desktop\IO-2026-SGGW\IO_2026_SGGW.Tests\bin\Debug\net472\IO_2026_SGGW.Tests.dll" adapterTypeName="executor://xunit/VsTestRunner2/net" className="CsFileRulesTests" name="PlikCs_Akceptowany" />
    </UnitTest>
    <UnitTest name="SolutionEngineTests.ParseArgs_TablicaISkalar" storage="c:\users\bakuc\desktop\io-2026-sggw\io_2026_sggw.tests\bin\debug\net472\io_2026_sggw.tests.dll" id="902a117c-58b9-7ef2-ae90-ad603455e3b1">
      <Execution id="eb3001a4-6cdc-49e0-ad05-7207ec3b36ab" />
      <TestMethod codeBase="C:\Users\bakuc\Desktop\IO-2026-SGGW\IO_2026_SGGW.Tests\bin\Debug\net472\IO_2026_SGGW.Tests.dll" adapterTypeName="executor://xunit/VsTestRunner2/net" className="SolutionEngineTests" name="ParseArgs_TablicaISkalar" />
    </UnitTest>
    <UnitTest name="SolutionEngineTests.FindMethod_NormalizujeNazwe" storage="c:\users\bakuc\desktop\io-2026-sggw\io_2026_sggw.tests\bin\debug\net472\io_2026_sggw.tests.dll" id="6f3ccd50-eb73-12ac-52d2-d4c231c7af7e">
      <Execution id="c7ac8afc-efe0-4ce0-988e-8fe7cc1103d6" />
      <TestMethod codeBase="C:\Users\bakuc\Desktop\IO-2026-SGGW\IO_2026_SGGW.Tests\bin\Debug\net472\IO_2026_SGGW.Tests.dll" adapterTypeName="executor://xunit/VsTestRunner2/net" className="SolutionEngineTests" name="FindMethod_NormalizujeNazwe" />
    </UnitTest>
    <UnitTest name="SolutionEngineTests.IsCorrect_Tablica" storage="c:\users\bakuc\desktop\io-2026-sggw\io_2026_sggw.tests\bin\debug\net472\io_2026_sggw.tests.dll" id="6328012a-1c1d-ca73-0a6d-44feab2d2529">
      <Execution id="dc3edcf2-5989-491f-a4b9-0c063716a185" />
      <TestMethod codeBase="C:\Users\bakuc\Desktop\IO-2026-SGGW\IO_2026_SGGW.Tests\bin\Debug\net472\IO_2026_SGGW.Tests.dll" adapterTypeName="executor://xunit/VsTestRunner2/net" className="SolutionEngineTests" name="IsCorrect_Tablica" />
    </UnitTest>
    <UnitTest name="GradingServiceTests.RunAsync_PetlaNieskonczona_NieBlokujePozostalych" storage="c:\users\bakuc\desktop\io-2026-sggw\io_2026_sggw.tests\bin\debug\net472\io_2026_sggw.tests.dll" id="259b9c14-ba53-e1d3-07b6-f393fad21129">
      <Execution id="0e044d2b-79c9-4668-a52b-828b84cda95d" />
      <TestMethod codeBase="C:\Users\bakuc\Desktop\IO-2026-SGGW\IO_2026_SGGW.Tests\bin\Debug\net472\IO_2026_SGGW.Tests.dll" adapterTypeName="executor://xunit/VsTestRunner2/net" className="GradingServiceTests" name="RunAsync_PetlaNieskonczona_NieBlokujePozostalych" />
    </UnitTest>
    <UnitTest name="GradingServiceTests.RunAsync_PoprawneRozwiazanie_StatusOk" storage="c:\users\bakuc\desktop\io-2026-sggw\io_2026_sggw.tests\bin\debug\net472\io_2026_sggw.tests.dll" id="eef41b29-8d17-bb62-e16a-2af848fed3e1">
      <Execution id="196425af-aa60-4fc7-84e0-bbf558a59c4d" />
      <TestMethod codeBase="C:\Users\bakuc\Desktop\IO-2026-SGGW\IO_2026_SGGW.Tests\bin\Debug\net472\IO_2026_SGGW.Tests.dll" adapterTypeName="executor://xunit/VsTestRunner2/net" className="GradingServiceTests" name="RunAsync_PoprawneRozwiazanie_StatusOk" />
    </UnitTest>
    <UnitTest name="SolutionEngineTests.IsCorrect_BoolJako1" storage="c:\users\bakuc\desktop\io-2026-sggw\io_2026_sggw.tests\bin\debug\net472\io_2026_sggw.tests.dll" id="6fa20571-ae12-4c84-6e5e-3bc3a5c0c622">
      <Execution id="5085249f-ccb4-4b85-81fd-3c86844bd40c" />
      <TestMethod codeBase="C:\Users\bakuc\Desktop\IO-2026-SGGW\IO_2026_SGGW.Tests\bin\Debug\net472\IO_2026_SGGW.Tests.dll" adapterTypeName="executor://xunit/VsTestRunner2/net" className="SolutionEngineTests" name="IsCorrect_BoolJako1" />
    </UnitTest>
    <UnitTest name="SolutionEngineTests.Compile_GrozneApi_Odrzucone" storage="c:\users\bakuc\desktop\io-2026-sggw\io_2026_sggw.tests\bin\debug\net472\io_2026_sggw.tests.dll" id="e9c03e5c-6bbe-93e7-a0a9-b3aa0177cae6">
      <Execution id="6e4f80e2-3a8e-41b8-b427-7902788bbefb" />
      <TestMethod codeBase="C:\Users\bakuc\Desktop\IO-2026-SGGW\IO_2026_SGGW.Tests\bin\Debug\net472\IO_2026_SGGW.Tests.dll" adapterTypeName="executor://xunit/VsTestRunner2/net" className="SolutionEngineTests" name="Compile_GrozneApi_Odrzucone" />
    </UnitTest>
    <UnitTest name="AnswerKeyLoaderTests.Load_DwaWiersze_WczytujeOba" storage="c:\users\bakuc\desktop\io-2026-sggw\io_2026_sggw.tests\bin\debug\net472\io_2026_sggw.tests.dll" id="8019fce1-4b2e-5f6e-4428-db0a12b72ab9">
      <Execution id="b457b245-f04e-4828-b035-7a59ede3b368" />
      <TestMethod codeBase="C:\Users\bakuc\Desktop\IO-2026-SGGW\IO_2026_SGGW.Tests\bin\Debug\net472\IO_2026_SGGW.Tests.dll" adapterTypeName="executor://xunit/VsTestRunner2/net" className="AnswerKeyLoaderTests" name="Load_DwaWiersze_WczytujeOba" />
    </UnitTest>
    <UnitTest name="CsFileRulesTests.FolderZ_cs_wNazwie_Odrzucony" storage="c:\users\bakuc\desktop\io-2026-sggw\io_2026_sggw.tests\bin\debug\net472\io_2026_sggw.tests.dll" id="845fb654-4185-179e-d959-97e8d2a57b5f">
      <Execution id="bb25c5d4-e692-40c4-9291-443bf6e156b6" />
      <TestMethod codeBase="C:\Users\bakuc\Desktop\IO-2026-SGGW\IO_2026_SGGW.Tests\bin\Debug\net472\IO_2026_SGGW.Tests.dll" adapterTypeName="executor://xunit/VsTestRunner2/net" className="CsFileRulesTests" name="FolderZ_cs_wNazwie_Odrzucony" />
    </UnitTest>
    <UnitTest name="GradingServiceTests.RunAsync_Progres_DochodziDo100" storage="c:\users\bakuc\desktop\io-2026-sggw\io_2026_sggw.tests\bin\debug\net472\io_2026_sggw.tests.dll" id="db305d90-0038-46eb-a8d9-eb851e020e80">
      <Execution id="e8a22a25-03df-44a2-9a95-094ecd3097f9" />
      <TestMethod codeBase="C:\Users\bakuc\Desktop\IO-2026-SGGW\IO_2026_SGGW.Tests\bin\Debug\net472\IO_2026_SGGW.Tests.dll" adapterTypeName="executor://xunit/VsTestRunner2/net" className="GradingServiceTests" name="RunAsync_Progres_DochodziDo100" />
    </UnitTest>
    <UnitTest name="CsFileRulesTests.Duplikat_Odrzucony" storage="c:\users\bakuc\desktop\io-2026-sggw\io_2026_sggw.tests\bin\debug\net472\io_2026_sggw.tests.dll" id="bab60611-a1eb-0462-f010-27480103ddb8">
      <Execution id="f7b14703-51b9-4a36-9f85-cec5fed2869f" />
      <TestMethod codeBase="C:\Users\bakuc\Desktop\IO-2026-SGGW\IO_2026_SGGW.Tests\bin\Debug\net472\IO_2026_SGGW.Tests.dll" adapterTypeName="executor://xunit/VsTestRunner2/net" className="CsFileRulesTests" name="Duplikat_Odrzucony" />
    </UnitTest>
    <UnitTest name="AnswerKeyLoaderTests.Load_KomorkaData_FormatISO" storage="c:\users\bakuc\desktop\io-2026-sggw\io_2026_sggw.tests\bin\debug\net472\io_2026_sggw.tests.dll" id="98caae1c-3bb0-1212-3c15-1b41df98ec33">
      <Execution id="fd59c35b-e799-419b-8c06-3bb18b8791ab" />
      <TestMethod codeBase="C:\Users\bakuc\Desktop\IO-2026-SGGW\IO_2026_SGGW.Tests\bin\Debug\net472\IO_2026_SGGW.Tests.dll" adapterTypeName="executor://xunit/VsTestRunner2/net" className="AnswerKeyLoaderTests" name="Load_KomorkaData_FormatISO" />
    </UnitTest>
    <UnitTest name="CsFileRulesTests.PlikTxt_Odrzucony" storage="c:\users\bakuc\desktop\io-2026-sggw\io_2026_sggw.tests\bin\debug\net472\io_2026_sggw.tests.dll" id="b8689911-6dab-7961-47e2-eae27aa50a0b">
      <Execution id="37c7780b-4a68-4ddb-a8e9-d9c92bca3494" />
      <TestMethod codeBase="C:\Users\bakuc\Desktop\IO-2026-SGGW\IO_2026_SGGW.Tests\bin\Debug\net472\IO_2026_SGGW.Tests.dll" adapterTypeName="executor://xunit/VsTestRunner2/net" className="CsFileRulesTests" name="PlikTxt_Odrzucony" />
    </UnitTest>
  </TestDefinitions>
  <TestEntries>
    <TestEntry testId="5e4a6cb0-658b-cb66-7471-a6cd3dae01ca" executionId="7547477f-8ce2-471d-9dcd-de184302aace" testListId="8c84fa94-04c1-424b-9868-57a2d4851a1d" />
    <TestEntry testId="be285b2e-aba9-b732-2cf8-f04930a1c47a" executionId="97699e91-5bd6-43c2-959d-5ed6c32a9159" testListId="8c84fa94-04c1-424b-9868-57a2d4851a1d" />
    <TestEntry testId="2a31128f-7ad8-d81b-2b81-5bd81d5beda3" executionId="7555c46f-0c57-4f15-928d-cebd3b065fee" testListId="8c84fa94-04c1-424b-9868-57a2d4851a1d" />
    <TestEntry testId="902a117c-58b9-7ef2-ae90-ad603455e3b1" executionId="eb3001a4-6cdc-49e0-ad05-7207ec3b36ab" testListId="8c84fa94-04c1-424b-9868-57a2d4851a1d" />
    <TestEntry testId="d7c3abd7-3e03-9dd1-653c-0dc1f0fcd0f7" executionId="52d8fbe2-9485-41dc-8a58-c76103609ced" testListId="8c84fa94-04c1-424b-9868-57a2d4851a1d" />
    <TestEntry testId="bab60611-a1eb-0462-f010-27480103ddb8" executionId="f7b14703-51b9-4a36-9f85-cec5fed2869f" testListId="8c84fa94-04c1-424b-9868-57a2d4851a1d" />
    <TestEntry testId="6f3ccd50-eb73-12ac-52d2-d4c231c7af7e" executionId="c7ac8afc-efe0-4ce0-988e-8fe7cc1103d6" testListId="8c84fa94-04c1-424b-9868-57a2d4851a1d" />
    <TestEntry testId="8019fce1-4b2e-5f6e-4428-db0a12b72ab9" executionId="b457b245-f04e-4828-b035-7a59ede3b368" testListId="8c84fa94-04c1-424b-9868-57a2d4851a1d" />
    <TestEntry testId="46988673-fbe6-be33-ca74-ec3f925397a7" executionId="4942dcee-81e6-49b3-8a68-be1f77c9c4ef" testListId="8c84fa94-04c1-424b-9868-57a2d4851a1d" />
    <TestEntry testId="eef41b29-8d17-bb62-e16a-2af848fed3e1" executionId="196425af-aa60-4fc7-84e0-bbf558a59c4d" testListId="8c84fa94-04c1-424b-9868-57a2d4851a1d" />
    <TestEntry testId="42d7cfd5-23b4-2ef6-404d-ea8d3ed37d0e" executionId="6c6221c1-ebd4-48a3-8fd0-9c6626f805eb" testListId="8c84fa94-04c1-424b-9868-57a2d4851a1d" />
    <TestEntry testId="f3d20c6c-200c-bd9d-8d63-896973f31dea" executionId="61fd9e1d-73cc-402d-8ad6-eb0b337f30bf" testListId="8c84fa94-04c1-424b-9868-57a2d4851a1d" />
    <TestEntry testId="6c286822-f09b-78e3-a2e4-7130128057ee" executionId="d2dfc430-c20c-4a3b-a818-9a2d6195a427" testListId="8c84fa94-04c1-424b-9868-57a2d4851a1d" />
    <TestEntry testId="c9fa07c4-1ca8-3af9-b3e8-bb1c9c6e8ebc" executionId="71410e04-3b16-4dc2-afee-3c007153c3ef" testListId="8c84fa94-04c1-424b-9868-57a2d4851a1d" />
    <TestEntry testId="935357d4-2472-0f3c-3a59-b8cd6a04dd1d" executionId="1a6c2b23-5e01-46a6-b6e5-0a3faf0ca9c6" testListId="8c84fa94-04c1-424b-9868-57a2d4851a1d" />
    <TestEntry testId="c5ac9d66-2bd5-afc7-165e-9a6d89156c6e" executionId="67faddc7-b44d-46ee-9649-d2ded98c05f3" testListId="8c84fa94-04c1-424b-9868-57a2d4851a1d" />
    <TestEntry testId="d76b7acd-0c73-8d7b-4706-099c90383872" executionId="3a424177-25eb-4051-bbe4-6f7bd78686db" testListId="8c84fa94-04c1-424b-9868-57a2d4851a1d" />
    <TestEntry testId="db305d90-0038-46eb-a8d9-eb851e020e80" executionId="e8a22a25-03df-44a2-9a95-094ecd3097f9" testListId="8c84fa94-04c1-424b-9868-57a2d4851a1d" />
    <TestEntry testId="98caae1c-3bb0-1212-3c15-1b41df98ec33" executionId="fd59c35b-e799-419b-8c06-3bb18b8791ab" testListId="8c84fa94-04c1-424b-9868-57a2d4851a1d" />
    <TestEntry testId="28c3536b-11a6-48e3-e142-89029ced6898" executionId="b4a94149-72e6-4e2e-89e1-1836d148ef9e" testListId="8c84fa94-04c1-424b-9868-57a2d4851a1d" />
    <TestEntry testId="e14f2821-b19e-9fcd-a144-4fb3b1ce4cbe" executionId="19f4adb2-9d01-4d24-9d49-0fae511f1da6" testListId="8c84fa94-04c1-424b-9868-57a2d4851a1d" />
    <TestEntry testId="6328012a-1c1d-ca73-0a6d-44feab2d2529" executionId="dc3edcf2-5989-491f-a4b9-0c063716a185" testListId="8c84fa94-04c1-424b-9868-57a2d4851a1d" />
    <TestEntry testId="f06344db-965d-07e7-656d-925284693148" executionId="c02485c2-2492-4595-8ee3-2a872e3e39e0" testListId="8c84fa94-04c1-424b-9868-57a2d4851a1d" />
    <TestEntry testId="845fb654-4185-179e-d959-97e8d2a57b5f" executionId="bb25c5d4-e692-40c4-9291-443bf6e156b6" testListId="8c84fa94-04c1-424b-9868-57a2d4851a1d" />
    <TestEntry testId="b8689911-6dab-7961-47e2-eae27aa50a0b" executionId="37c7780b-4a68-4ddb-a8e9-d9c92bca3494" testListId="8c84fa94-04c1-424b-9868-57a2d4851a1d" />
    <TestEntry testId="6fa20571-ae12-4c84-6e5e-3bc3a5c0c622" executionId="5085249f-ccb4-4b85-81fd-3c86844bd40c" testListId="8c84fa94-04c1-424b-9868-57a2d4851a1d" />
    <TestEntry testId="259b9c14-ba53-e1d3-07b6-f393fad21129" executionId="0e044d2b-79c9-4668-a52b-828b84cda95d" testListId="8c84fa94-04c1-424b-9868-57a2d4851a1d" />
    <TestEntry testId="e9c03e5c-6bbe-93e7-a0a9-b3aa0177cae6" executionId="6e4f80e2-3a8e-41b8-b427-7902788bbefb" testListId="8c84fa94-04c1-424b-9868-57a2d4851a1d" />
  </TestEntries>
  <TestLists>
    <TestList name="Results Not in a List" id="8c84fa94-04c1-424b-9868-57a2d4851a1d" />
    <TestList name="All Loaded Results" id="19431567-8539-422a-85d7-44ee4e166bda" />
  </TestLists>
  <ResultSummary outcome="Failed">
    <Counters total="28" executed="28" passed="24" failed="4" error="0" timeout="0" aborted="0" inconclusive="0" passedButRunAborted="0" notRunnable="0" notExecuted="0" disconnected="0" warning="0" completed="0" inProgress="0" pending="0" />
    <Output>
      <StdOut>[xUnit.net 00:00:00.00] xUnit.net VSTest Adapter v2.8.2+699d445a1a (64-bit .NET Framework 4.8.9310.0)&#xD;
[xUnit.net 00:00:01.76]   Discovering: IO_2026_SGGW.Tests&#xD;
[xUnit.net 00:00:01.83]   Discovered:  IO_2026_SGGW.Tests&#xD;
[xUnit.net 00:00:01.84]   Starting:    IO_2026_SGGW.Tests&#xD;
[xUnit.net 00:00:04.71]       Assert.False() Failure&#xD;
[xUnit.net 00:00:04.71]       Expected: False&#xD;
[xUnit.net 00:00:04.71]       Actual:   True&#xD;
[xUnit.net 00:00:04.71]       Stack Trace:&#xD;
[xUnit.net 00:00:04.71]         SolutionEngineTests.cs(46,0): at SolutionEngineTests.Compile_GrozneApi_Odrzucone()&#xD;
[xUnit.net 00:00:04.76]       Assert.Equal() Failure: Strings differ&#xD;
[xUnit.net 00:00:04.76]                   ↓ (pos 1)&#xD;
[xUnit.net 00:00:04.76]       Expected: "3.14"&#xD;
[xUnit.net 00:00:04.76]       Actual:   "3,14"&#xD;
[xUnit.net 00:00:04.76]                   ↑ (pos 1)&#xD;
[xUnit.net 00:00:04.76]       Stack Trace:&#xD;
[xUnit.net 00:00:04.76]         AnswerKeyLoaderTests.cs(71,0): at AnswerKeyLoaderTests.Load_Liczba314_CzytanaZKropka_PodKulturaPL()&#xD;
[xUnit.net 00:00:04.84]       Assert.Equal() Failure: Strings differ&#xD;
[xUnit.net 00:00:04.84]                  ↓ (pos 0)&#xD;
[xUnit.net 00:00:04.84]       Expected: "2026-04-01"&#xD;
[xUnit.net 00:00:04.84]       Actual:   "4/1/2026 12:00:00 AM"&#xD;
[xUnit.net 00:00:04.84]                  ↑ (pos 0)&#xD;
[xUnit.net 00:00:04.84]       Stack Trace:&#xD;
[xUnit.net 00:00:04.84]         AnswerKeyLoaderTests.cs(87,0): at AnswerKeyLoaderTests.Load_KomorkaData_FormatISO()&#xD;
[xUnit.net 00:00:05.23]       Assert.True() Failure&#xD;
[xUnit.net 00:00:05.23]       Expected: True&#xD;
[xUnit.net 00:00:05.23]       Actual:   False&#xD;
[xUnit.net 00:00:05.23]       Stack Trace:&#xD;
[xUnit.net 00:00:05.23]         SolutionEngineTests.cs(101,0): at SolutionEngineTests.IsCorrect_BoolJako1()&#xD;
[xUnit.net 00:00:05.45]   Finished:    IO_2026_SGGW.Tests&#xD;
</StdOut>
    </Output>
    <RunInfos>
      <RunInfo computerName="DESKTOP-DV6MF3O" outcome="Error" timestamp="2026-06-22T22:04:15.1614736+02:00">
        <Text>[xUnit.net 00:00:04.71]     SolutionEngineTests.Compile_GrozneApi_Odrzucone [FAIL]</Text>
      </RunInfo>
      <RunInfo computerName="DESKTOP-DV6MF3O" outcome="Error" timestamp="2026-06-22T22:04:15.2104475+02:00">
        <Text>[xUnit.net 00:00:04.76]     AnswerKeyLoaderTests.Load_Liczba314_CzytanaZKropka_PodKulturaPL [FAIL]</Text>
      </RunInfo>
      <RunInfo computerName="DESKTOP-DV6MF3O" outcome="Error" timestamp="2026-06-22T22:04:15.2973345+02:00">
        <Text>[xUnit.net 00:00:04.84]     AnswerKeyLoaderTests.Load_KomorkaData_FormatISO [FAIL]</Text>
      </RunInfo>
      <RunInfo computerName="DESKTOP-DV6MF3O" outcome="Error" timestamp="2026-06-22T22:04:15.6799145+02:00">
        <Text>[xUnit.net 00:00:05.23]     SolutionEngineTests.IsCorrect_BoolJako1 [FAIL]</Text>
      </RunInfo>
    </RunInfos>
  </ResultSummary>
</TestRun>